// Jest Snapshot v1, https://goo.gl/fbAQLP

exports[`renders without crashing and matches snapshot 1`] = `
<h1>
  Home Page
</h1>
`;
